pygame 2.6.1 (SDL 2.32.70, Python 3.14.7)
Hello from the pygame community. https://www.pygame.org/contribute.html
seed=100 params=best_controller/params.json steps=7292 births=119
t,agents,predators,fleet_energy,births,speed_mean,speed_max,sprint_speed_mean,sprint_speed_max,max_energy_mean,max_energy_max,hearing_radius_mean,hearing_radius_max,vision_range_mean,vision_range_max,vision_angle_mean,vision_angle_max
1,10,0,623.0,5,10.0,10,20.0,20,500.0,500.0,50.0,50,200.0,200,1.05,1.05
501,10,0,613.1,9,10.0,10,20.0,20,485.63,526.85,50.0,50,200.0,200,1.05,1.05
1001,14,0,3704.4,18,10.0,10,20.81,25.65,475.64,500.0,52.39,68.63,200.46,206.46,1.05,1.05
1501,16,0,3565.7,26,10.0,10,21.48,25.65,485.17,688.97,54.02,68.63,200.81,206.46,1.05,1.05
2001,12,0,2487.0,32,10.19,12.26,20.94,25.65,512.55,688.97,54.02,68.63,200.54,206.46,1.04,1.05
2501,16,0,3037.8,50,10.82,14.59,20.0,20,547.37,688.97,52.09,68.63,202.26,236.23,1.05,1.05
3001,12,2,3135.4,50,11.1,14.59,20.0,20,563.16,688.97,52.79,68.63,203.02,236.23,1.05,1.05
3501,12,2,2256.7,63,10.64,14.59,20.0,20,544.79,688.97,55.75,68.63,203.02,236.23,1.05,1.05
4001,9,2,775.3,71,10.7,12.26,20.0,20,576.05,688.97,54.14,68.63,200.0,200,1.08,1.34
4501,3,2,475.7,78,10.0,10,20.0,20,688.97,688.97,50.0,50,191.66,200,1.05,1.05
5001,6,2,933.3,83,9.55,10,20.0,20,688.97,688.97,51.0,56.01,198.49,215.99,1.05,1.05
5501,12,3,1655.0,96,9.77,10,19.45,20,679.01,688.97,50.0,50,194.32,215.99,1.05,1.05
6001,12,3,2241.7,104,9.45,10,17.97,20,688.97,688.97,50.0,50,186.88,215.99,1.05,1.05
6501,9,3,961.5,113,9.7,10,18.15,21.74,723.17,996.82,50.0,50,195.4,215.99,1.1,1.52
7001,5,5,372.7,118,10.0,10,19.0,21.74,688.97,688.97,50.0,50,207.95,257.83,1.05,1.05

# births: mean trait of newborns vs the default genotype
  speed            n= 119 mean=   10.21 min=    6.03 max=   14.59 default=   10.00
  sprint_speed     n= 119 mean=   19.72 min=   12.74 max=   25.65 default=   20.00
  max_energy       n= 119 mean=  589.66 min=  292.28 max=  996.82 default=  500.00
  hearing_radius   n= 119 mean=   52.01 min=   46.18 max=   68.63 default=   50.00
  generations: 119 births over 7292 ticks
